[2026-01-02 22:35:12] SUCCESS: System caches
[2026-01-02 22:35:12] SUCCESS: System temp files
[2026-01-02 22:35:12] SUCCESS: System crash reports
[2026-01-02 22:35:12] SUCCESS: System logs
[2026-01-02 22:35:17] SUCCESS: Browser code signature caches (1 items)
[2026-01-02 22:35:25] SUCCESS: System diagnostic logs
[2026-01-02 22:35:26] SUCCESS: Power logs
[2026-01-02 22:35:26] SUCCESS: Memory exception reports
[2026-01-02 22:35:26] SUCCESS: System diagnostic trace logs
[2026-01-08 18:42:04] SUCCESS: System caches
[2026-01-08 18:42:04] SUCCESS: System temp files
[2026-01-08 18:42:04] SUCCESS: System crash reports
[2026-01-08 18:42:04] SUCCESS: System logs
[2026-01-08 18:42:09] SUCCESS: Browser code signature caches (1 items)
[2026-01-08 18:42:17] SUCCESS: System diagnostic logs
[2026-01-08 18:42:17] SUCCESS: Power logs
[2026-01-08 18:42:17] SUCCESS: Memory exception reports
[2026-01-08 18:42:17] SUCCESS: System diagnostic trace logs
[2026-01-08 18:43:33] SUCCESS: System caches
[2026-01-08 18:43:33] SUCCESS: System temp files
[2026-01-08 18:43:33] SUCCESS: System crash reports
[2026-01-08 18:43:33] SUCCESS: System logs
[2026-01-08 18:43:38] SUCCESS: System diagnostic logs
[2026-01-08 18:43:38] SUCCESS: Power logs
[2026-01-08 18:43:38] SUCCESS: Memory exception reports
[2026-01-08 18:43:38] SUCCESS: System diagnostic trace logs
[2026-01-09 13:14:36] SUCCESS: System caches
[2026-01-09 13:14:36] SUCCESS: System temp files
[2026-01-09 13:14:36] SUCCESS: System crash reports
[2026-01-09 13:14:36] SUCCESS: System logs
[2026-01-09 13:14:41] SUCCESS: Browser code signature caches (1 items)
[2026-01-09 13:14:42] SUCCESS: System diagnostic logs
[2026-01-09 13:14:42] SUCCESS: Power logs
[2026-01-09 13:14:42] SUCCESS: Memory exception reports
[2026-01-09 13:14:42] SUCCESS: System diagnostic trace logs
